// Jest Snapshot v1, https://goo.gl/fbAQLP

exports[`components/custom_status/custom_status_expiry should match snapshot 1`] = `
<Text
  style={
    Array [
      Object {
        "color": "#3d3c40",
        "fontSize": 15,
      },
      undefined,
    ]
  }
>
  <Text>
    Apr 13, 2200
  </Text>
</Text>
`;
